[www.getthegloss.com/listing/beauty-reviews-beauty-product-reviews.html]
[backblue.gif]
[fade.gif]
[index.html]
[www.getthegloss.com/listing/beauty-reviews-beauty-product-reviews4c30.html]
[www.getthegloss.com/listing/health-on-get-the-gloss.html]
[www.getthegloss.com/listing/beauty-on-get-the-gloss.html]
[www.getthegloss.com/listing/beauty-reviews-beauty-product-reviewse164.html]
[www.getthegloss.com/listing/get-the-guide-shop-health-and-beauty-guides.html]
[www.getthegloss.com/listing/beauty-news.html]
[www.getthegloss.com/listing/beauty-features.html]
[www.getthegloss.com/listing/beauty-tutorials-and-videos.html]
[www.getthegloss.com/listing/beauty-reviews-beauty-product-reviews.2179ee.delayed]
[www.getthegloss.com/listing/beauty-sos.html]
[www.getthegloss.com/listing/health-features.html]
[www.getthegloss.com/listing/health-news.html]
[www.getthegloss.com/listing/mental-health.html]
[www.getthegloss.com/listing/the-5-2-diet.html]
[www.getthegloss.com/listing/health-and-fitness-videos.html]
[www.getthegloss.com/listing/recipe.html]
[www.getthegloss.com/listing/health-sos.html]
[www.getthegloss.com/listing/columns.html]
[www.getthegloss.com/listing/sarah-vine-blog.html]
[www.getthegloss.com/listing/news-and-features-by-susannah-taylor.html]
[www.getthegloss.com/listing/elle-macpherson-s-body-blog.html]
[www.getthegloss.com/listing/sense-and-sensitivity.html]
[www.getthegloss.com/listing/the-makeup-maniac.html]
[www.getthegloss.com/listing/not-fair.html]
[www.getthegloss.com/listing/freer-nutrition.html]
[www.getthegloss.com/listing/doing-it-all.html]
[www.getthegloss.com/listing/zen-mistress.html]
[www.getthegloss.com/listing/budget-beauty.html]
[www.getthegloss.com/listing/find-an-expert.html]
[www.getthegloss.com/listing/health-and-beauty-advice.html]
[www.getthegloss.com/listing/horoscopes.html]
[www.getthegloss.com/listing/project-bikini-get-bikini-ready-guide.html]
[www.getthegloss.com/listing/competitions-offers-and-giveaways.html]
[www.getthegloss.com/listing/beauty-reviews-beauty-product-reviews1206.html]
[www.getthegloss.com/listing/news.html]
[www.getthegloss.com/listing/pop-up-cta__pop-up-cta.2a.delayed]
[www.getthegloss.com/listing/beauty-reviews-beauty-product-reviews.html]
[www.getthegloss.com/listing/all-gtg-edits.html]
[www.getthegloss.com/listing/beauty-reviews-beauty-product-reviews4c30.html]
[www.getthegloss.com/listing/anti-ageing-advice-news-and-features.html]
[www.getthegloss.com/listing/jobs.html]
[www.getthegloss.com/listing/career-inspiration.html]
[www.getthegloss.com/listing/columnists.html]
[www.getthegloss.com/listing/beauty-crush.html]
[www.getthegloss.com/listing/get-the-gloss-product-shop.html]
[www.getthegloss.com/listing/gtg-s-award-wins.html]
[www.getthegloss.com/listing/beauty-on-get-the-gloss.html]
[www.getthegloss.com/listing/beauty-on-get-the-gloss4c30.html]
[www.getthegloss.com/listing/health-on-get-the-gloss.html]
[www.getthegloss.com/listing/beauty-on-get-the-glosse164.html]
[www.getthegloss.com/listing/get-the-guide-shop-health-and-beauty-guides.html]
[www.getthegloss.com/listing/beauty-on-get-the-gloss79ee.html]
[www.getthegloss.com/listing/beauty-features.html]
[www.getthegloss.com/listing/beauty-on-get-the-gloss1206.html]
[www.getthegloss.com/listing/health-on-get-the-gloss4c30.html]
[www.getthegloss.com/listing/health-on-get-the-glosse164.html]
[www.getthegloss.com/listing/health-on-get-the-gloss79ee.html]
[www.getthegloss.com/listing/beauty-newse164.html]
[www.getthegloss.com/listing/health-on-get-the-gloss1206.html]
[www.getthegloss.com/listing/get-the-guide-shop-health-and-beauty-guides5369.html]
[www.getthegloss.com/listing/shop-all-beauty-guides.html]
[www.getthegloss.com/listing/beauty-news79ee.html]
[www.getthegloss.com/listing/shop-all-fitness-guides.html]
[www.getthegloss.com/listing/shop-all-health-guides.html]
[www.getthegloss.com/listing/shop-all-mind-and-self-help-guides.html]
[www.getthegloss.com/listing/beauty-news1206.html]
[www.getthegloss.com/listing/beauty-news.html]
[www.getthegloss.com/listing/shop-all-astrology-and-zodiac-guides.html]
[www.getthegloss.com/listing/the-ultimate-anti-wrinkle-edit.html]
[www.getthegloss.com/listing/barefaced-beauty.html]
[www.getthegloss.com/listing/the-best-smokey-eye-makeup.html]
[www.getthegloss.com/listing/hair-repair.html]
[www.getthegloss.com/listing/beauty-tutorials-and-videos4c30.html]
[www.getthegloss.com/listing/get-the-guide-shop-health-and-beauty-guides198d.html]
[www.getthegloss.com/listing/get-the-guide-shop-health-and-beauty-guides6253.html]
[www.getthegloss.com/listing/beauty-tutorials-and-videose164.html]
[www.getthegloss.com/listing/get-the-guide-shop-health-and-beauty-guidesd000.html]
[www.getthegloss.com/listing/beauty-features4c30.html]
[www.getthegloss.com/listing/beauty-featurese164.html]
[www.getthegloss.com/listing/beauty-tutorials-and-videos79ee.html]
[www.getthegloss.com/listing/beauty-features79ee.html]
[www.getthegloss.com/listing/beauty-features1206.html]
[www.getthegloss.com/listing/beauty-news4c30.html]
[www.getthegloss.com/listing/beauty-tutorials-and-videos.html]
[www.getthegloss.com/listing/beauty-sos.html]
[www.getthegloss.com/listing/beauty-tutorials-and-videos1206.html]
[www.getthegloss.com/listing/health-features4c30.html]
[www.getthegloss.com/listing/health-featurese164.html]
[www.getthegloss.com/listing/health-features79ee.html]
[www.getthegloss.com/listing/health-features.html]
[www.getthegloss.com/listing/health-features1206.html]
[www.getthegloss.com/listing/health-news4c30.html]
[www.getthegloss.com/listing/health-newse164.html]
[www.getthegloss.com/listing/health-news79ee.html]
[www.getthegloss.com/listing/health-news.html]
[www.getthegloss.com/listing/health-news1206.html]
[www.getthegloss.com/listing/mental-health4c30.html]
[www.getthegloss.com/listing/mental-health.html]
[www.getthegloss.com/listing/mental-healthe164.html]
[www.getthegloss.com/listing/the-5-2-dietd996.html]
[www.getthegloss.com/listing/the-5-2-diet.html]
[www.getthegloss.com/listing/the-5-2-diet78bf.html]
[www.getthegloss.com/listing/health-and-fitness-videos4c30.html]
[www.getthegloss.com/listing/health-and-fitness-videos.html]
[www.getthegloss.com/listing/health-and-fitness-videose164.html]
[www.getthegloss.com/listing/recipe4c30.html]
[www.getthegloss.com/listing/recipee164.html]
[www.getthegloss.com/listing/recipe79ee.html]
[www.getthegloss.com/listing/recipe.html]
[www.getthegloss.com/listing/recipe1206.html]
[www.getthegloss.com/listing/health-sos.html]
[www.getthegloss.com/listing/health-sos198d.html]
[www.getthegloss.com/listing/columns4c30.html]
[www.getthegloss.com/listing/columnse164.html]
[www.getthegloss.com/listing/columns79ee.html]
[www.getthegloss.com/listing/columns.html]
[www.getthegloss.com/listing/columns1206.html]
[www.getthegloss.com/listing/sarah-vine-blog4c30.html]
[www.getthegloss.com/listing/sarah-vine-bloge164.html]
[www.getthegloss.com/listing/sarah-vine-blog.html]
[www.getthegloss.com/listing/sarah-vine-blog79ee.html]
[www.getthegloss.com/listing/news-and-features-by-susannah-taylor4c30.html]
[www.getthegloss.com/listing/news-and-features-by-susannah-taylore164.html]
[www.getthegloss.com/listing/news-and-features-by-susannah-taylor79ee.html]
[www.getthegloss.com/listing/news-and-features-by-susannah-taylor.html]
[www.getthegloss.com/listing/elle-macpherson-s-body-blog.html]
[www.getthegloss.com/listing/news-and-features-by-susannah-taylor1206.html]
[www.getthegloss.com/listing/sense-and-sensitivity4c30.html]
[www.getthegloss.com/listing/sense-and-sensitivity.html]
[www.getthegloss.com/listing/sense-and-sensitivitye164.html]
[www.getthegloss.com/listing/the-makeup-maniac4c30.html]
[www.getthegloss.com/listing/the-makeup-maniac.html]
[www.getthegloss.com/listing/the-makeup-maniace164.html]
[www.getthegloss.com/listing/not-fair4c30.html]
[www.getthegloss.com/listing/not-fair.html]
[www.getthegloss.com/listing/not-faire164.html]
[www.getthegloss.com/listing/freer-nutrition4c30.html]
[www.getthegloss.com/listing/freer-nutritione164.html]
[www.getthegloss.com/listing/freer-nutrition.html]
[www.getthegloss.com/listing/freer-nutrition79ee.html]
[www.getthegloss.com/listing/doing-it-all4c30.html]
[www.getthegloss.com/listing/doing-it-all.html]
[www.getthegloss.com/listing/zen-mistress.html]
[www.getthegloss.com/listing/doing-it-alle164.html]
[www.getthegloss.com/listing/budget-beauty4c30.html]
[www.getthegloss.com/listing/budget-beauty.html]
[www.getthegloss.com/listing/budget-beautye164.html]
[www.getthegloss.com/listing/find-an-expert.html]
[www.getthegloss.com/listing/consultants.html]
[www.getthegloss.com/listing/health-and-beauty-advice.html]
[www.getthegloss.com/listing/health-and-beauty-advice198d.html]
[www.getthegloss.com/listing/horoscopes4c30.html]
[www.getthegloss.com/listing/horoscopese164.html]
[www.getthegloss.com/listing/horoscopes79ee.html]
[www.getthegloss.com/listing/horoscopes.html]
[www.getthegloss.com/listing/horoscopes1206.html]
[www.getthegloss.com/listing/project-bikini-get-bikini-ready-guide4c30.html]
[www.getthegloss.com/listing/project-bikini-get-bikini-ready-guidee164.html]
[www.getthegloss.com/listing/project-bikini-get-bikini-ready-guide79ee.html]
[www.getthegloss.com/listing/project-bikini-get-bikini-ready-guide.html]
[www.getthegloss.com/listing/project-bikini-get-bikini-ready-guide1206.html]
[www.getthegloss.com/listing/competitions-offers-and-giveaways4c30.html]
[www.getthegloss.com/listing/competitions-offers-and-giveawayse164.html]
[www.getthegloss.com/listing/competitions-offers-and-giveaways79ee.html]
[www.getthegloss.com/listing/competitions-offers-and-giveaways.html]
[www.getthegloss.com/listing/beauty-reviews-beauty-product-reviewse164.html]
[www.getthegloss.com/listing/competitions-offers-and-giveaways1206.html]
[www.getthegloss.com/listing/beauty-reviews-beauty-product-reviews79ee.html]
[www.getthegloss.com/listing/beauty-reviews-beauty-product-reviews0e37.html]
[www.getthegloss.com/listing/beauty-reviews-beauty-product-reviews1206.html]
[www.getthegloss.com/listing/beauty-reviews-beauty-product-reviewsbb6e.html]
[www.getthegloss.com/listing/news4c30.html]
[www.getthegloss.com/listing/newse164.html]
[www.getthegloss.com/listing/news79ee.html]
[www.getthegloss.com/listing/news.html]
[www.getthegloss.com/listing/news1206.html]
[www.getthegloss.com/listing/jobs835b.html]
[www.getthegloss.com/listing/jobsf11f.html]
[www.getthegloss.com/listing/jobsd48d.html]
[www.getthegloss.com/listing/jobs.html]
[www.getthegloss.com/listing/jobs0ada.html]
[www.getthegloss.com/listing/career-inspiration4c30.html]
[www.getthegloss.com/listing/career-inspiratione164.html]
[www.getthegloss.com/listing/career-inspiration79ee.html]
[www.getthegloss.com/listing/career-inspiration.html]
[www.getthegloss.com/listing/career-inspiration1206.html]
[www.getthegloss.com/listing/all-gtg-edits5369.html]
[www.getthegloss.com/listing/the-essential-weekly-edit.html]
[www.getthegloss.com/listing/winter-skin-saviours.html]
[www.getthegloss.com/listing/daily-dose-supplements.html]
[www.getthegloss.com/listing/strobing-the-modern-contouring-makeup-edit.html]
[www.getthegloss.com/listing/the-ultimate-eyebrow-edit.html]
[www.getthegloss.com/listing/the-best-waterproof-makeup-and-beauty-products.html]
[www.getthegloss.com/listing/get-the-box-the-magnificent-seven.html]
[www.getthegloss.com/listing/must-have-beauty-tools-and-gadgets.html]
[www.getthegloss.com/listing/post-exercise-pick-me-ups.html]
[www.getthegloss.com/listing/the-best-beauty-buys-under-25.html]
[www.getthegloss.com/listing/organic-beauty-boosters.html]
[www.getthegloss.com/listing/amelia-freer-s-nutrition-edit.html]
[www.getthegloss.com/listing/chris-james-fitness-essentials.html]
[www.getthegloss.com/listing/jacqueline-hurst-s-healthy-mind-edit.html]
[www.getthegloss.com/listing/all-gtg-edits.html]
[www.getthegloss.com/listing/all-gtg-edits198d.html]
[www.getthegloss.com/listing/anti-ageing-advice-news-and-features4c30.html]
[www.getthegloss.com/listing/anti-ageing-advice-news-and-featurese164.html]
[www.getthegloss.com/listing/anti-ageing-advice-news-and-features79ee.html]
[www.getthegloss.com/listing/anti-ageing-advice-news-and-features.html]
[www.getthegloss.com/listing/anti-ageing-advice-news-and-features1206.html]
[www.getthegloss.com/listing/beauty-crush4c30.html]
[www.getthegloss.com/listing/beauty-crushe164.html]
[www.getthegloss.com/listing/beauty-crush79ee.html]
[www.getthegloss.com/listing/beauty-crush.html]
[www.getthegloss.com/listing/beauty-crush1206.html]
[www.getthegloss.com/listing/get-the-gloss-product-shop5369.html]
[www.getthegloss.com/listing/get-the-gloss-product-shop.html]
[www.getthegloss.com/listing/columnists.html]
[www.getthegloss.com/listing/gtg-s-award-wins.html]
[www.getthegloss.com/listing/pop-up-cta__pop-up-cta.html]
[www.getthegloss.com/listing/beauty-on-get-the-gloss4c30.html]
[www.getthegloss.com/listing/beauty-on-get-the-glosse164.html]
[www.getthegloss.com/listing/beauty-on-get-the-gloss79ee.html]
[www.getthegloss.com/listing/beauty-on-get-the-gloss1206.html]
[www.getthegloss.com/listing/health-on-get-the-gloss4c30.html]
[www.getthegloss.com/listing/health-on-get-the-glosse164.html]
[www.getthegloss.com/listing/health-on-get-the-gloss79ee.html]
[www.getthegloss.com/listing/health-on-get-the-gloss1206.html]
[www.getthegloss.com/listing/get-the-guide-shop-health-and-beauty-guides5369.html]
[www.getthegloss.com/listing/shop-all-beauty-guides.html]
[www.getthegloss.com/listing/shop-all-fitness-guides.html]
[www.getthegloss.com/listing/shop-all-health-guides.html]
[www.getthegloss.com/listing/shop-all-mind-and-self-help-guides.html]
[www.getthegloss.com/listing/shop-all-astrology-and-zodiac-guides.html]
[www.getthegloss.com/listing/the-ultimate-anti-wrinkle-edit.html]
[www.getthegloss.com/listing/barefaced-beauty.html]
[www.getthegloss.com/listing/the-best-smokey-eye-makeup.html]
[www.getthegloss.com/listing/hair-repair.html]
[www.getthegloss.com/listing/get-the-guide-shop-health-and-beauty-guides198d.html]
[www.getthegloss.com/listing/get-the-guide-shop-health-and-beauty-guides6253.html]
[www.getthegloss.com/listing/get-the-guide-shop-health-and-beauty-guidesd000.html]
[www.getthegloss.com/listing/beauty-features4c30.html]
[www.getthegloss.com/listing/beauty-featurese164.html]
[www.getthegloss.com/listing/beauty-features79ee.html]
[www.getthegloss.com/listing/beauty-features1206.html]
[www.getthegloss.com/listing/beauty-news4c30.html]
[www.getthegloss.com/listing/beauty-newse164.html]
[www.getthegloss.com/listing/beauty-news79ee.html]
[www.getthegloss.com/listing/beauty-news1206.html]
[www.getthegloss.com/listing/beauty-tutorials-and-videos4c30.html]
[www.getthegloss.com/listing/beauty-tutorials-and-videose164.html]
[www.getthegloss.com/listing/beauty-tutorials-and-videos79ee.html]
[www.getthegloss.com/listing/beauty-tutorials-and-videos1206.html]
[www.getthegloss.com/listing/health-features4c30.html]
[www.getthegloss.com/listing/health-featurese164.html]
[www.getthegloss.com/listing/health-features79ee.html]
[www.getthegloss.com/listing/health-features1206.html]
[www.getthegloss.com/listing/health-news4c30.html]
[www.getthegloss.com/listing/health-newse164.html]
[www.getthegloss.com/listing/health-news79ee.html]
[www.getthegloss.com/listing/health-news1206.html]
[www.getthegloss.com/listing/mental-health4c30.html]
[www.getthegloss.com/listing/mental-healthe164.html]
[www.getthegloss.com/listing/the-5-2-dietd996.html]
[www.getthegloss.com/listing/the-5-2-diet78bf.html]
[www.getthegloss.com/listing/health-and-fitness-videos4c30.html]
[www.getthegloss.com/listing/health-and-fitness-videose164.html]
[www.getthegloss.com/listing/recipe4c30.html]
[www.getthegloss.com/listing/recipee164.html]
[www.getthegloss.com/listing/recipe79ee.html]
[www.getthegloss.com/listing/recipe1206.html]
[www.getthegloss.com/listing/health-sos198d.html]
[www.getthegloss.com/listing/columns4c30.html]
[www.getthegloss.com/listing/columnse164.html]
[www.getthegloss.com/listing/columns79ee.html]
[www.getthegloss.com/listing/columns1206.html]
[www.getthegloss.com/listing/sarah-vine-blog4c30.html]
[www.getthegloss.com/listing/sarah-vine-bloge164.html]
[www.getthegloss.com/listing/sarah-vine-blog79ee.html]
[www.getthegloss.com/listing/news-and-features-by-susannah-taylor4c30.html]
[www.getthegloss.com/listing/news-and-features-by-susannah-taylore164.html]
[www.getthegloss.com/listing/news-and-features-by-susannah-taylor79ee.html]
[www.getthegloss.com/listing/news-and-features-by-susannah-taylor1206.html]
[www.getthegloss.com/listing/sense-and-sensitivity4c30.html]
[www.getthegloss.com/listing/sense-and-sensitivitye164.html]
[www.getthegloss.com/listing/the-makeup-maniac4c30.html]
[www.getthegloss.com/listing/the-makeup-maniace164.html]
[www.getthegloss.com/listing/not-fair4c30.html]
[www.getthegloss.com/listing/not-faire164.html]
[www.getthegloss.com/listing/freer-nutrition4c30.html]
[www.getthegloss.com/listing/freer-nutritione164.html]
[www.getthegloss.com/listing/freer-nutrition79ee.html]
[www.getthegloss.com/listing/doing-it-all4c30.html]
[www.getthegloss.com/listing/doing-it-alle164.html]
[www.getthegloss.com/listing/budget-beauty4c30.html]
[www.getthegloss.com/listing/budget-beautye164.html]
[www.getthegloss.com/listing/consultants.html]
[www.getthegloss.com/listing/health-and-beauty-advice198d.html]
[www.getthegloss.com/listing/horoscopes4c30.html]
[www.getthegloss.com/listing/horoscopese164.html]
[www.getthegloss.com/listing/horoscopes79ee.html]
[www.getthegloss.com/listing/horoscopes1206.html]
[www.getthegloss.com/listing/project-bikini-get-bikini-ready-guide4c30.html]
[www.getthegloss.com/listing/project-bikini-get-bikini-ready-guidee164.html]
[www.getthegloss.com/listing/project-bikini-get-bikini-ready-guide79ee.html]
[www.getthegloss.com/listing/project-bikini-get-bikini-ready-guide1206.html]
[www.getthegloss.com/listing/competitions-offers-and-giveaways4c30.html]
[www.getthegloss.com/listing/competitions-offers-and-giveawayse164.html]
[www.getthegloss.com/listing/competitions-offers-and-giveaways79ee.html]
[www.getthegloss.com/listing/competitions-offers-and-giveaways1206.html]
[www.getthegloss.com/listing/beauty-reviews-beauty-product-reviews0e37.html]
[www.getthegloss.com/listing/beauty-reviews-beauty-product-reviewsbb6e.html]
[www.getthegloss.com/listing/news4c30.html]
[www.getthegloss.com/listing/newse164.html]
[www.getthegloss.com/listing/news79ee.html]
[www.getthegloss.com/listing/news1206.html]
[www.getthegloss.com/listing/jobs835b.html]
[www.getthegloss.com/listing/get-the-gloss-product-shop198d.html]
[www.getthegloss.com/listing/jobsf11f.html]
[www.getthegloss.com/listing/jobsd48d.html]
[www.getthegloss.com/listing/jobs0ada.html]
[www.getthegloss.com/listing/career-inspiration4c30.html]
[www.getthegloss.com/listing/career-inspiratione164.html]
[www.getthegloss.com/listing/career-inspiration79ee.html]
[www.getthegloss.com/listing/career-inspiration1206.html]
[www.getthegloss.com/listing/all-gtg-edits5369.html]
[www.getthegloss.com/listing/the-essential-weekly-edit.html]
[www.getthegloss.com/listing/winter-skin-saviours.html]
[www.getthegloss.com/listing/daily-dose-supplements.html]
[www.getthegloss.com/listing/strobing-the-modern-contouring-makeup-edit.html]
[www.getthegloss.com/listing/the-ultimate-eyebrow-edit.html]
[www.getthegloss.com/listing/the-best-waterproof-makeup-and-beauty-products.html]
[www.getthegloss.com/listing/get-the-box-the-magnificent-seven.html]
[www.getthegloss.com/listing/must-have-beauty-tools-and-gadgets.html]
[www.getthegloss.com/listing/post-exercise-pick-me-ups.html]
[www.getthegloss.com/listing/the-best-beauty-buys-under-25.html]
[www.getthegloss.com/listing/organic-beauty-boosters.html]
[www.getthegloss.com/listing/amelia-freer-s-nutrition-edit.html]
[www.getthegloss.com/listing/chris-james-fitness-essentials.html]
[www.getthegloss.com/listing/jacqueline-hurst-s-healthy-mind-edit.html]
[www.getthegloss.com/listing/all-gtg-edits198d.html]
[www.getthegloss.com/listing/anti-ageing-advice-news-and-features4c30.html]
[www.getthegloss.com/listing/anti-ageing-advice-news-and-featurese164.html]
[www.getthegloss.com/listing/anti-ageing-advice-news-and-features79ee.html]
[www.getthegloss.com/listing/anti-ageing-advice-news-and-features1206.html]
[www.getthegloss.com/listing/beauty-crush4c30.html]
[www.getthegloss.com/listing/beauty-crushe164.html]
[www.getthegloss.com/listing/beauty-crush79ee.html]
[www.getthegloss.com/listing/beauty-crush1206.html]
[www.getthegloss.com/listing/get-the-gloss-product-shop5369.html]
[www.getthegloss.com/listing/get-the-gloss-product-shop198d.html]
[www.getthegloss.com/listing/columnistsf11f.html]
